172.24.0.1 - - [07/Apr/2018:10:27:14 +0000] "GET / HTTP/1.1" 404 891 "-" "curl/7.47.0"
172.24.0.1 - - [07/Apr/2018:10:27:22 +0000] "GET /api HTTP/1.1" 404 891 "-" "curl/7.47.0"
172.24.0.1 - - [07/Apr/2018:10:29:13 +0000] "GET /api/set/free HTTP/1.1" 405 568 "-" "curl/7.47.0"
113.67.10.248 - admin [07/Apr/2018:10:33:21 +0000] "POST /api/set/free HTTP/1.1" 500 2316 "-" "Mozilla/5.0 (X11; Linux x86_64) AppleWebKit/537.36 (KHTML, like Gecko) Chrome/64.0.3282.186 Safari/537.36"
113.67.10.248 - admin [07/Apr/2018:10:36:53 +0000] "POST /api/set/free HTTP/1.1" 500 2316 "-" "Mozilla/5.0 (X11; Linux x86_64) AppleWebKit/537.36 (KHTML, like Gecko) Chrome/64.0.3282.186 Safari/537.36"
113.67.10.248 - admin [07/Apr/2018:10:36:59 +0000] "POST /api/set/free HTTP/1.1" 500 2316 "-" "Mozilla/5.0 (X11; Linux x86_64) AppleWebKit/537.36 (KHTML, like Gecko) Chrome/64.0.3282.186 Safari/537.36"
113.67.10.248 - admin [07/Apr/2018:10:37:09 +0000] "POST /api/set/free HTTP/1.1" 500 2316 "-" "Mozilla/5.0 (X11; Linux x86_64) AppleWebKit/537.36 (KHTML, like Gecko) Chrome/64.0.3282.186 Safari/537.36"
113.67.10.248 - admin [07/Apr/2018:10:38:37 +0000] "POST /api/set/free HTTP/1.1" 500 2316 "-" "Mozilla/5.0 (X11; Linux x86_64) AppleWebKit/537.36 (KHTML, like Gecko) Chrome/64.0.3282.186 Safari/537.36"
113.67.10.248 - admin [07/Apr/2018:10:38:38 +0000] "POST /api/set/free HTTP/1.1" 500 2316 "-" "Mozilla/5.0 (X11; Linux x86_64) AppleWebKit/537.36 (KHTML, like Gecko) Chrome/64.0.3282.186 Safari/537.36"
113.67.10.248 - admin [07/Apr/2018:10:43:38 +0000] "POST /api/set/free HTTP/1.1" 500 3091 "-" "Mozilla/5.0 (X11; Linux x86_64) AppleWebKit/537.36 (KHTML, like Gecko) Chrome/64.0.3282.186 Safari/537.36"
113.67.10.248 - admin [07/Apr/2018:11:01:59 +0000] "POST /api/set/free HTTP/1.1" 200 106 "-" "Mozilla/5.0 (X11; Linux x86_64) AppleWebKit/537.36 (KHTML, like Gecko) Chrome/64.0.3282.186 Safari/537.36"
113.67.10.248 - admin [07/Apr/2018:11:02:10 +0000] "POST /api/is/free HTTP/1.1" 200 67 "-" "Mozilla/5.0 (X11; Linux x86_64) AppleWebKit/537.36 (KHTML, like Gecko) Chrome/64.0.3282.186 Safari/537.36"
113.67.10.248 - admin [07/Apr/2018:11:04:52 +0000] "POST /api/is/free HTTP/1.1" 200 67 "-" "Mozilla/5.0 (X11; Linux x86_64) AppleWebKit/537.36 (KHTML, like Gecko) Chrome/64.0.3282.186 Safari/537.36"
222.220.101.194 - - [07/Apr/2018:12:09:01 +0000] "GET http://www.baidu.com/ HTTP/1.1" 404 52 "http://www.baidu.com/" "Mozilla/4.0 (compatible; MSIE 6.0; Windows NT 5.0)"
172.82.166.210 - - [07/Apr/2018:15:41:32 +0000] "GET http://www.baidu.com/cache/global/img/gs.gif HTTP/1.1" 404 890 "-" "Mozilla"
183.3.227.102 - - [07/Apr/2018:16:32:33 +0000] "GET / HTTP/1.1" 404 446 "-" "Mozilla/5.0 (Linux; U; Android 8.0.0; zh-cn; MI 6 Build/OPR1.170623.027) AppleWebKit/537.36 (KHTML, like Gecko) Version/4.0 Chrome/57.0.2987.132 MQQBrowser/8.3 Mobile Safari/537.36"
183.3.227.102 - - [07/Apr/2018:16:32:33 +0000] "GET /favicon.ico HTTP/1.1" 404 446 "http://toiqgogo.com:8080/" "Mozilla/5.0 (Linux; U; Android 8.0.0; zh-cn; MI 6 Build/OPR1.170623.027) AppleWebKit/537.36 (KHTML, like Gecko) Version/4.0 Chrome/57.0.2987.132 MQQBrowser/8.3 Mobile Safari/537.36"
183.3.227.102 - - [07/Apr/2018:16:33:13 +0000] "GET /api HTTP/1.1" 404 446 "-" "Mozilla/5.0 (Linux; U; Android 8.0.0; zh-cn; MI 6 Build/OPR1.170623.027) AppleWebKit/537.36 (KHTML, like Gecko) Version/4.0 Chrome/57.0.2987.132 MQQBrowser/8.3 Mobile Safari/537.36"
183.3.227.102 - - [07/Apr/2018:16:33:13 +0000] "GET /favicon.ico HTTP/1.1" 404 446 "http://toiqgogo.com:8080/api" "Mozilla/5.0 (Linux; U; Android 8.0.0; zh-cn; MI 6 Build/OPR1.170623.027) AppleWebKit/537.36 (KHTML, like Gecko) Version/4.0 Chrome/57.0.2987.132 MQQBrowser/8.3 Mobile Safari/537.36"
61.151.179.84 - - [07/Apr/2018:16:33:33 +0000] "GET / HTTP/1.1" 404 894 "-" "Mozilla/5.0 (Linux; Android 5.1.1; SM801 Build/LMY47V) AppleWebKit/537.36 (KHTML, like Gecko)     \x09\x09Chrome/46.0.2490.11 Mobile Safari/537.36"
61.129.8.250 - - [07/Apr/2018:16:34:13 +0000] "GET /api HTTP/1.1" 404 894 "-" "Mozilla/5.0 (Linux; U; Android 4.4.4; zh-CN; HUAWEI ALE-CL00 Build/HuaweiALE-CL00) AppleWebKit/537.36 (KHTML, like Gecko) Version/4.0 Chrome/40.0.2214.89 UCBrowser/11.3.0.907 Mobile Safari/537.36"
117.136.79.42 - - [07/Apr/2018:16:37:21 +0000] "POST /api/is/free HTTP/1.1" 401 5 "-" "Mozilla/5.0 (Windows NT 10.0; Win64; x64) AppleWebKit/537.36 (KHTML, like Gecko) Chrome/62.0.3202.94 Safari/537.36"
117.136.79.42 - admin [07/Apr/2018:16:37:33 +0000] "POST /api/is/free HTTP/1.1" 200 71 "-" "Mozilla/5.0 (Windows NT 10.0; Win64; x64) AppleWebKit/537.36 (KHTML, like Gecko) Chrome/62.0.3202.94 Safari/537.36"
117.136.79.42 - admin [07/Apr/2018:16:38:02 +0000] "POST /api/is/free HTTP/1.1" 200 70 "-" "Mozilla/5.0 (Windows NT 10.0; Win64; x64) AppleWebKit/537.36 (KHTML, like Gecko) Chrome/62.0.3202.94 Safari/537.36"
117.136.79.42 - admin [07/Apr/2018:16:38:26 +0000] "POST /api/is/free HTTP/1.1" 200 65 "-" "Mozilla/5.0 (Windows NT 10.0; Win64; x64) AppleWebKit/537.36 (KHTML, like Gecko) Chrome/62.0.3202.94 Safari/537.36"
47.94.52.159 - - [07/Apr/2018:16:40:17 +0000] "GET / HTTP/1.0" 404 873 "-" "-"
116.62.176.205 - - [07/Apr/2018:16:54:28 +0000] "GET / HTTP/1.1" 404 893 "-" "-"
120.78.231.236 - - [07/Apr/2018:18:15:56 +0000] "GET / HTTP/1.0" 404 873 "-" "-"
104.131.181.178 - - [07/Apr/2018:22:51:20 +0000] "GET / HTTP/1.1" 404 450 "-" "Mozilla/5.0"
60.191.38.77 - - [07/Apr/2018:23:05:15 +0000] "GET / HTTP/1.1" 404 895 "-" "Mozilla/5.0 (Macintosh; Intel Mac OS X 10.11; rv:47.0) Gecko/20100101 Firefox/47.0"
47.93.112.232 - - [08/Apr/2018:01:01:29 +0000] "GET / HTTP/1.1" 404 893 "-" "-"
80.82.78.50 - - [08/Apr/2018:02:05:35 +0000] "GET http://www.baidu.com/cache/global/img/gs.gif HTTP/1.1" 404 890 "-" "Mozilla"
211.23.154.138 - - [08/Apr/2018:07:21:16 +0000] "GET / HTTP/1.1" 404 450 "-" "Mozilla/5.0 zgrab/0.x"
114.215.45.101 - - [08/Apr/2018:09:02:34 +0000] "GET / HTTP/1.1" 404 894 "-" "-"
139.162.111.98 - - [08/Apr/2018:10:15:01 +0000] "GET / HTTP/1.1" 404 890 "-" "Mozilla/5.0 (Windows NT 10.0; WOW64) AppleWebKit/537.36 (KHTML, like Gecko) Chrome/50.0.2661.102 Safari/537.36"
118.31.244.58 - - [08/Apr/2018:16:03:23 +0000] "GET / HTTP/1.0" 404 873 "-" "-"
59.110.6.177 - - [08/Apr/2018:16:49:40 +0000] "GET / HTTP/1.1" 404 894 "-" "-"
47.94.39.226 - - [08/Apr/2018:17:20:23 +0000] "GET / HTTP/1.0" 404 873 "-" "-"
60.191.38.77 - - [08/Apr/2018:18:21:35 +0000] "GET / HTTP/1.1" 404 895 "-" "Mozilla/5.0 (Macintosh; Intel Mac OS X 10.11; rv:47.0) Gecko/20100101 Firefox/47.0"
201.53.47.247 - - [08/Apr/2018:19:50:06 +0000] "GET /hndUnblock.cgi HTTP/1.1" 404 890 "-" "Wget(linux)"
201.53.47.247 - - [08/Apr/2018:19:50:09 +0000] "GET /tmUnblock.cgi HTTP/1.1" 404 890 "-" "Wget(linux)"
201.53.47.247 - - [08/Apr/2018:19:50:12 +0000] "GET /moo HTTP/1.1" 404 890 "-" "Wget(linux)"
201.53.47.247 - - [08/Apr/2018:19:50:15 +0000] "GET / HTTP/1.1" 404 890 "-" "Wget(linux)"
201.53.47.247 - - [08/Apr/2018:19:50:18 +0000] "POST /getcfg.php HTTP/1.1" 404 890 "-" "Wget(linux)"
201.53.47.247 - - [08/Apr/2018:19:50:21 +0000] "POST /getcfg.php HTTP/1.1" 404 890 "-" "Wget(linux)"
80.82.78.50 - - [09/Apr/2018:00:10:01 +0000] "GET http://www.baidu.com/cache/global/img/gs.gif HTTP/1.1" 404 890 "-" "Mozilla"
116.62.176.205 - - [09/Apr/2018:01:00:22 +0000] "GET / HTTP/1.1" 404 895 "-" "-"
60.191.38.78 - - [09/Apr/2018:04:08:42 +0000] "GET / HTTP/1.1" 404 895 "-" "Mozilla/5.0 (Macintosh; Intel Mac OS X 10.11; rv:47.0) Gecko/20100101 Firefox/47.0"
60.191.52.254 - - [09/Apr/2018:05:04:02 +0000] "HEAD http://112.124.42.80:3434/ HTTP/1.1" 404 0 "-" "Mozilla/5.0 (Macintosh; Intel Mac OS X 10_11_6) AppleWebKit/537.36 (KHTML, like Gecko) Chrome/53.0.2785.143 Safari/537.36"
60.191.38.78 - - [09/Apr/2018:07:20:55 +0000] "GET / HTTP/1.1" 404 895 "-" "Mozilla/5.0 (Macintosh; Intel Mac OS X 10.11; rv:47.0) Gecko/20100101 Firefox/47.0"
47.203.88.161 - - [09/Apr/2018:08:27:43 +0000] "GET http://httpheader.net/ HTTP/1.1" 404 441 "-" "Mozilla/5.0 (Windows; U; Windows NT 6.1; en-US; rv:1.9.2.28) Gecko/20120306 Firefox/3.6.28 (.NET CLR 3.5.30729)"
47.203.88.161 - - [09/Apr/2018:08:27:44 +0000] "\x04\x01\x00P\xC0c\xF660\x00" 400 166 "-" "-"
47.203.88.161 - - [09/Apr/2018:08:27:44 +0000] "\x04\x01\x00P\xC0c\xF660\x00" 400 166 "-" "-"
47.203.88.161 - - [09/Apr/2018:08:27:44 +0000] "\x05\x01\x00" 400 166 "-" "-"
60.191.38.77 - - [09/Apr/2018:08:36:07 +0000] "GET / HTTP/1.1" 404 895 "-" "Mozilla/5.0 (Macintosh; Intel Mac OS X 10.11; rv:47.0) Gecko/20100101 Firefox/47.0"
47.93.112.232 - - [09/Apr/2018:08:55:30 +0000] "GET / HTTP/1.1" 404 894 "-" "-"
60.191.38.78 - - [09/Apr/2018:12:17:30 +0000] "GET / HTTP/1.1" 404 895 "-" "Mozilla/5.0 (Macintosh; Intel Mac OS X 10.11; rv:47.0) Gecko/20100101 Firefox/47.0"
60.191.38.78 - - [09/Apr/2018:14:31:56 +0000] "GET / HTTP/1.1" 404 895 "-" "Mozilla/5.0 (Macintosh; Intel Mac OS X 10.11; rv:47.0) Gecko/20100101 Firefox/47.0"
209.126.136.4 - - [09/Apr/2018:14:40:01 +0000] "GET / HTTP/1.1" 404 450 "-" "Mozilla/5.0 (Windows NT 10.0; Win64; x64) AppleWebKit/537.36 (KHTML, like Gecko) Chrome/57.0.2987.133 Safari/537.36"
123.59.56.127 - - [09/Apr/2018:15:20:19 +0000] "\x16\x03\x01\x01\x22\x01\x00\x01\x1E\x03\x03\xC0\xEF\xBE./\x84)=6\x92\x9B\x1B\x0C\x9D\xA5?\x0B\x92yP\x8D\x8Cr\x01\x1C\x0CyQ[\x14?\x8E\x00\x00\x88\xC00\xC0,\xC0(\xC0$\xC0\x14\xC0" 400 166 "-" "-"
123.59.56.127 - - [09/Apr/2018:15:20:22 +0000] "GET / HTTP/1.1" 404 34 "-" "Mozilla/5.0 (Windows NT 6.1; WOW64; rv:52.0) Gecko/20100101 Firefox/52.0"
39.107.14.208 - - [09/Apr/2018:16:38:30 +0000] "GET / HTTP/1.0" 404 873 "-" "-"
59.110.6.177 - - [09/Apr/2018:16:53:39 +0000] "GET / HTTP/1.1" 404 896 "-" "-"
123.151.42.61 - - [09/Apr/2018:18:24:02 +0000] "GET http://www.baidu.com/ HTTP/1.1" 404 890 "-" "-"
47.96.254.10 - - [09/Apr/2018:18:44:12 +0000] "GET / HTTP/1.0" 404 873 "-" "-"
60.191.38.78 - - [09/Apr/2018:19:11:58 +0000] "GET / HTTP/1.1" 404 895 "-" "Mozilla/5.0 (Macintosh; Intel Mac OS X 10.11; rv:47.0) Gecko/20100101 Firefox/47.0"
60.191.38.78 - - [09/Apr/2018:21:10:17 +0000] "GET / HTTP/1.1" 404 895 "-" "Mozilla/5.0 (Macintosh; Intel Mac OS X 10.11; rv:47.0) Gecko/20100101 Firefox/47.0"
120.132.3.65 - - [09/Apr/2018:21:21:33 +0000] "GET http://www.qq.com/404/search_children.js HTTP/1.1" 404 887 "-" "Mozilla/5.0 (X11; Linux x86_64) AppleWebKit/537.36 (KHTML, like Gecko) Chrome/35.0.1916.114 Safari/537.36"
120.132.3.65 - - [09/Apr/2018:21:21:33 +0000] "\x05\x01\x00" 400 166 "-" "-"
120.132.3.65 - - [09/Apr/2018:21:21:33 +0000] "\x04\x01\x00PpTi4\x00" 400 166 "-" "-"
196.52.43.57 - - [09/Apr/2018:21:22:40 +0000] "GET / HTTP/1.0" 404 873 "-" "Mozilla/5.0(WindowsNT6.1;rv:31.0)Gecko/20100101Firefox/31.0"
80.82.78.50 - - [09/Apr/2018:22:10:40 +0000] "GET http://www.baidu.com/cache/global/img/gs.gif HTTP/1.1" 404 890 "-" "Mozilla"
60.191.38.78 - - [09/Apr/2018:23:16:26 +0000] "GET / HTTP/1.1" 404 895 "-" "Mozilla/5.0 (Macintosh; Intel Mac OS X 10.11; rv:47.0) Gecko/20100101 Firefox/47.0"
139.219.98.156 - - [10/Apr/2018:00:25:10 +0000] "GET http://139.219.106.96:11000/1qiWaz2wRsx3eXdc4rDfv5tgb6yhn7Uujm8Lik999 HTTP/1.1" 404 897 "-" "bigsec-ipscan"
60.191.38.78 - - [10/Apr/2018:00:59:59 +0000] "GET / HTTP/1.1" 404 895 "-" "Mozilla/5.0 (Macintosh; Intel Mac OS X 10.11; rv:47.0) Gecko/20100101 Firefox/47.0"
116.62.176.205 - - [10/Apr/2018:01:05:18 +0000] "GET / HTTP/1.1" 404 895 "-" "-"
119.130.71.202 - admin [10/Apr/2018:03:17:20 +0000] "POST /api/is/free HTTP/1.1" 200 65 "-" "Mozilla/5.0 (X11; Linux x86_64) AppleWebKit/537.36 (KHTML, like Gecko) Chrome/64.0.3282.186 Safari/537.36"
119.130.71.202 - admin [10/Apr/2018:03:20:30 +0000] "POST /api/set/free HTTP/1.1" 200 106 "-" "Mozilla/5.0 (X11; Linux x86_64) AppleWebKit/537.36 (KHTML, like Gecko) Chrome/64.0.3282.186 Safari/537.36"
119.130.71.202 - admin [10/Apr/2018:03:22:58 +0000] "POST /api/get/cpm HTTP/1.1" 200 39 "-" "Mozilla/5.0 (X11; Linux x86_64) AppleWebKit/537.36 (KHTML, like Gecko) Chrome/64.0.3282.186 Safari/537.36"
119.130.71.202 - admin [10/Apr/2018:04:16:08 +0000] "POST /api/get/cpm HTTP/1.1" 200 81 "-" "Mozilla/5.0 (X11; Linux x86_64) AppleWebKit/537.36 (KHTML, like Gecko) Chrome/64.0.3282.186 Safari/537.36"
119.130.71.202 - admin [10/Apr/2018:04:18:27 +0000] "POST /api/get/cpm HTTP/1.1" 200 69 "-" "Mozilla/5.0 (X11; Linux x86_64) AppleWebKit/537.36 (KHTML, like Gecko) Chrome/64.0.3282.186 Safari/537.36"
119.130.71.202 - admin [10/Apr/2018:04:22:15 +0000] "POST /api/get/cpm HTTP/1.1" 200 67 "-" "Mozilla/5.0 (X11; Linux x86_64) AppleWebKit/537.36 (KHTML, like Gecko) Chrome/64.0.3282.186 Safari/537.36"
60.191.38.78 - - [10/Apr/2018:04:54:11 +0000] "GET / HTTP/1.1" 404 895 "-" "Mozilla/5.0 (Macintosh; Intel Mac OS X 10.11; rv:47.0) Gecko/20100101 Firefox/47.0"
119.130.71.202 - admin [10/Apr/2018:05:12:52 +0000] "POST /api/get/cpm HTTP/1.1" 401 5 "-" "Mozilla/5.0 (X11; Linux x86_64) AppleWebKit/537.36 (KHTML, like Gecko) Chrome/64.0.3282.186 Safari/537.36"
119.130.71.202 - zhise [10/Apr/2018:05:13:21 +0000] "POST /api/get/cpm HTTP/1.1" 200 67 "-" "Mozilla/5.0 (X11; Linux x86_64) AppleWebKit/537.36 (KHTML, like Gecko) Chrome/64.0.3282.186 Safari/537.36"
120.76.150.217 - - [10/Apr/2018:06:31:46 +0000] "GET /manager/html HTTP/1.1" 404 895 "-" "Mozilla/5.0 (compatible; MSIE 10.0; Windows NT 6.2; WOW64; Trident/6.0)"
114.215.45.79 - - [10/Apr/2018:08:59:20 +0000] "GET / HTTP/1.1" 404 895 "-" "-"
119.130.70.123 - - [10/Apr/2018:09:44:37 +0000] "POST /api/is/free HTTP/1.1" 401 5 "-" "Mozilla/5.0 (Windows NT 10.0; Win64; x64) AppleWebKit/537.36 (KHTML, like Gecko) Chrome/62.0.3202.94 Safari/537.36"
119.130.70.123 - zhise [10/Apr/2018:09:44:54 +0000] "POST /api/is/free HTTP/1.1" 401 5 "-" "Mozilla/5.0 (Windows NT 10.0; Win64; x64) AppleWebKit/537.36 (KHTML, like Gecko) Chrome/62.0.3202.94 Safari/537.36"
119.130.70.123 - zhise [10/Apr/2018:09:44:57 +0000] "POST /api/is/free HTTP/1.1" 401 5 "-" "Mozilla/5.0 (Windows NT 10.0; Win64; x64) AppleWebKit/537.36 (KHTML, like Gecko) Chrome/62.0.3202.94 Safari/537.36"
119.130.70.123 - zhise [10/Apr/2018:09:45:17 +0000] "POST /api/is/free HTTP/1.1" 200 71 "-" "Mozilla/5.0 (Windows NT 10.0; Win64; x64) AppleWebKit/537.36 (KHTML, like Gecko) Chrome/62.0.3202.94 Safari/537.36"
119.130.70.123 - zhise [10/Apr/2018:09:48:40 +0000] "POST /api/is/free HTTP/1.1" 200 71 "-" "Mozilla/5.0 (Windows NT 10.0; Win64; x64) AppleWebKit/537.36 (KHTML, like Gecko) Chrome/62.0.3202.94 Safari/537.36"
119.130.70.123 - zhise [10/Apr/2018:09:48:41 +0000] "POST /api/is/free HTTP/1.1" 200 71 "-" "Mozilla/5.0 (Windows NT 10.0; Win64; x64) AppleWebKit/537.36 (KHTML, like Gecko) Chrome/62.0.3202.94 Safari/537.36"
119.130.70.123 - zhise [10/Apr/2018:09:48:43 +0000] "POST /api/is/free HTTP/1.1" 200 71 "-" "Mozilla/5.0 (Windows NT 10.0; Win64; x64) AppleWebKit/537.36 (KHTML, like Gecko) Chrome/62.0.3202.94 Safari/537.36"
119.130.70.123 - zhise [10/Apr/2018:09:48:44 +0000] "POST /api/is/free HTTP/1.1" 200 71 "-" "Mozilla/5.0 (Windows NT 10.0; Win64; x64) AppleWebKit/537.36 (KHTML, like Gecko) Chrome/62.0.3202.94 Safari/537.36"
119.130.70.123 - zhise [10/Apr/2018:09:48:45 +0000] "POST /api/is/free HTTP/1.1" 200 71 "-" "Mozilla/5.0 (Windows NT 10.0; Win64; x64) AppleWebKit/537.36 (KHTML, like Gecko) Chrome/62.0.3202.94 Safari/537.36"
119.130.70.123 - zhise [10/Apr/2018:09:48:46 +0000] "POST /api/is/free HTTP/1.1" 200 71 "-" "Mozilla/5.0 (Windows NT 10.0; Win64; x64) AppleWebKit/537.36 (KHTML, like Gecko) Chrome/62.0.3202.94 Safari/537.36"
119.130.70.123 - zhise [10/Apr/2018:09:49:25 +0000] "POST /api/is/free HTTP/1.1" 500 3535 "-" "Mozilla/5.0 (Windows NT 10.0; Win64; x64) AppleWebKit/537.36 (KHTML, like Gecko) Chrome/62.0.3202.94 Safari/537.36"
119.130.70.123 - zhise [10/Apr/2018:09:50:39 +0000] "POST /api/is/free HTTP/1.1" 500 3535 "-" "Mozilla/5.0 (Windows NT 10.0; Win64; x64) AppleWebKit/537.36 (KHTML, like Gecko) Chrome/62.0.3202.94 Safari/537.36"
119.130.70.123 - zhise [10/Apr/2018:09:59:35 +0000] "POST /api/is/free HTTP/1.1" 500 3535 "-" "Mozilla/5.0 (Windows NT 10.0; Win64; x64) AppleWebKit/537.36 (KHTML, like Gecko) Chrome/62.0.3202.94 Safari/537.36"
119.130.70.123 - zhise [10/Apr/2018:10:02:26 +0000] "POST /api/is/free HTTP/1.1" 200 67 "-" "Mozilla/5.0 (Windows NT 10.0; Win64; x64) AppleWebKit/537.36 (KHTML, like Gecko) Chrome/62.0.3202.94 Safari/537.36"
60.191.38.78 - - [10/Apr/2018:10:43:04 +0000] "GET / HTTP/1.1" 404 895 "-" "Mozilla/5.0 (Macintosh; Intel Mac OS X 10.11; rv:47.0) Gecko/20100101 Firefox/47.0"
39.106.205.11 - - [10/Apr/2018:11:08:36 +0000] "GET /manager/html HTTP/1.1" 404 895 "-" "Mozilla/5.0 (compatible; MSIE 10.0; Windows NT 6.2; WOW64; Trident/6.0)"
60.191.38.77 - - [10/Apr/2018:12:38:37 +0000] "GET / HTTP/1.1" 404 895 "-" "Mozilla/5.0 (Macintosh; Intel Mac OS X 10.11; rv:47.0) Gecko/20100101 Firefox/47.0"
60.191.38.78 - - [10/Apr/2018:13:48:44 +0000] "GET / HTTP/1.1" 404 895 "-" "Mozilla/5.0 (Macintosh; Intel Mac OS X 10.11; rv:47.0) Gecko/20100101 Firefox/47.0"
60.191.52.254 - - [10/Apr/2018:13:56:25 +0000] "HEAD http://wap.ip138.com/ HTTP/1.1" 404 0 "-" "Java/1.8.0_77"
60.191.52.254 - - [10/Apr/2018:13:56:30 +0000] "\x05\x02\x00\x02" 400 166 "-" "-"
66.240.205.34 - - [10/Apr/2018:16:47:29 +0000] "GET / HTTP/1.1" 404 895 "-" "Mozilla/5.0 (Windows NT 6.1) AppleWebKit/537.36 (KHTML, like Gecko) Chrome/41.0.2228.0 Safari/537.36"
66.240.205.34 - - [10/Apr/2018:16:47:30 +0000] "GET /robots.txt HTTP/1.1" 404 895 "-" "-"
66.240.205.34 - - [10/Apr/2018:16:47:30 +0000] "GET /sitemap.xml HTTP/1.1" 404 895 "-" "-"
66.240.205.34 - - [10/Apr/2018:16:47:31 +0000] "GET /.well-known/security.txt HTTP/1.1" 404 895 "-" "-"
66.240.205.34 - - [10/Apr/2018:16:47:35 +0000] "GET /favicon.ico HTTP/1.1" 404 450 "-" "python-requests/2.13.0"
47.94.39.226 - - [10/Apr/2018:16:50:08 +0000] "GET / HTTP/1.0" 404 873 "-" "-"
47.93.90.175 - - [10/Apr/2018:16:55:09 +0000] "GET / HTTP/1.1" 404 895 "-" "-"
60.191.38.78 - - [10/Apr/2018:16:58:46 +0000] "GET / HTTP/1.1" 404 895 "-" "Mozilla/5.0 (Macintosh; Intel Mac OS X 10.11; rv:47.0) Gecko/20100101 Firefox/47.0"
47.96.254.10 - - [10/Apr/2018:17:50:18 +0000] "GET / HTTP/1.0" 404 873 "-" "-"
123.151.42.61 - - [10/Apr/2018:18:11:16 +0000] "GET http://www.baidu.com/ HTTP/1.1" 404 890 "-" "-"
139.162.79.87 - - [10/Apr/2018:18:21:31 +0000] "GET / HTTP/1.1" 404 450 "-" "Mozilla/5.0"
60.191.38.78 - - [10/Apr/2018:19:58:37 +0000] "GET / HTTP/1.1" 404 895 "-" "Mozilla/5.0 (Macintosh; Intel Mac OS X 10.11; rv:47.0) Gecko/20100101 Firefox/47.0"
139.162.111.98 - - [10/Apr/2018:20:06:09 +0000] "GET / HTTP/1.1" 404 890 "-" "Mozilla/5.0 (Windows NT 10.0; WOW64) AppleWebKit/537.36 (KHTML, like Gecko) Chrome/50.0.2661.102 Safari/537.36"
120.78.231.236 - - [10/Apr/2018:20:16:42 +0000] "GET / HTTP/1.0" 404 873 "-" "-"
80.82.78.50 - - [10/Apr/2018:20:30:55 +0000] "GET http://www.baidu.com/cache/global/img/gs.gif HTTP/1.1" 404 890 "-" "Mozilla"
60.191.38.78 - - [10/Apr/2018:20:46:28 +0000] "GET / HTTP/1.1" 404 895 "-" "Mozilla/5.0 (Macintosh; Intel Mac OS X 10.11; rv:47.0) Gecko/20100101 Firefox/47.0"
172.82.166.210 - - [11/Apr/2018:00:38:14 +0000] "GET http://www.baidu.com/cache/global/img/gs.gif HTTP/1.1" 404 890 "-" "Mozilla"
114.215.45.101 - - [11/Apr/2018:00:49:51 +0000] "GET / HTTP/1.1" 404 896 "-" "-"
119.130.70.123 - zhise [11/Apr/2018:00:57:37 +0000] "POST /api/is/free HTTP/1.1" 200 65 "-" "Mozilla/5.0 (Windows NT 10.0; Win64; x64) AppleWebKit/537.36 (KHTML, like Gecko) Chrome/62.0.3202.94 Safari/537.36"
119.130.70.123 - zhise [11/Apr/2018:00:57:56 +0000] "POST /api/get/cpm HTTP/1.1" 200 66 "-" "Mozilla/5.0 (Windows NT 10.0; Win64; x64) AppleWebKit/537.36 (KHTML, like Gecko) Chrome/62.0.3202.94 Safari/537.36"
119.130.70.123 - zhise [11/Apr/2018:00:58:02 +0000] "POST /api/get/cpm HTTP/1.1" 200 66 "-" "Mozilla/5.0 (Windows NT 10.0; Win64; x64) AppleWebKit/537.36 (KHTML, like Gecko) Chrome/62.0.3202.94 Safari/537.36"
119.130.70.123 - zhise [11/Apr/2018:00:58:03 +0000] "POST /api/get/cpm HTTP/1.1" 200 66 "-" "Mozilla/5.0 (Windows NT 10.0; Win64; x64) AppleWebKit/537.36 (KHTML, like Gecko) Chrome/62.0.3202.94 Safari/537.36"
119.130.70.123 - zhise [11/Apr/2018:00:58:04 +0000] "POST /api/get/cpm HTTP/1.1" 200 66 "-" "Mozilla/5.0 (Windows NT 10.0; Win64; x64) AppleWebKit/537.36 (KHTML, like Gecko) Chrome/62.0.3202.94 Safari/537.36"
119.130.70.123 - zhise [11/Apr/2018:00:58:05 +0000] "POST /api/get/cpm HTTP/1.1" 200 66 "-" "Mozilla/5.0 (Windows NT 10.0; Win64; x64) AppleWebKit/537.36 (KHTML, like Gecko) Chrome/62.0.3202.94 Safari/537.36"
119.130.70.123 - zhise [11/Apr/2018:00:58:06 +0000] "POST /api/get/cpm HTTP/1.1" 200 66 "-" "Mozilla/5.0 (Windows NT 10.0; Win64; x64) AppleWebKit/537.36 (KHTML, like Gecko) Chrome/62.0.3202.94 Safari/537.36"
119.130.70.123 - zhise [11/Apr/2018:00:58:07 +0000] "POST /api/get/cpm HTTP/1.1" 200 66 "-" "Mozilla/5.0 (Windows NT 10.0; Win64; x64) AppleWebKit/537.36 (KHTML, like Gecko) Chrome/62.0.3202.94 Safari/537.36"
119.130.70.123 - zhise [11/Apr/2018:00:58:57 +0000] "POST /api/get/cpm HTTP/1.1" 200 87 "-" "Mozilla/5.0 (Windows NT 10.0; Win64; x64) AppleWebKit/537.36 (KHTML, like Gecko) Chrome/62.0.3202.94 Safari/537.36"
60.191.38.78 - - [11/Apr/2018:00:59:00 +0000] "GET / HTTP/1.1" 404 895 "-" "Mozilla/5.0 (Macintosh; Intel Mac OS X 10.11; rv:47.0) Gecko/20100101 Firefox/47.0"
119.130.70.123 - zhise [11/Apr/2018:00:59:21 +0000] "POST /api/get/free HTTP/1.1" 404 461 "-" "Mozilla/5.0 (Windows NT 10.0; Win64; x64) AppleWebKit/537.36 (KHTML, like Gecko) Chrome/62.0.3202.94 Safari/537.36"
119.130.70.123 - zhise [11/Apr/2018:00:59:29 +0000] "POST /api/set/free HTTP/1.1" 200 106 "-" "Mozilla/5.0 (Windows NT 10.0; Win64; x64) AppleWebKit/537.36 (KHTML, like Gecko) Chrome/62.0.3202.94 Safari/537.36"
119.130.70.123 - zhise [11/Apr/2018:00:59:44 +0000] "POST /api/is/free HTTP/1.1" 200 67 "-" "Mozilla/5.0 (Windows NT 10.0; Win64; x64) AppleWebKit/537.36 (KHTML, like Gecko) Chrome/62.0.3202.94 Safari/537.36"
119.130.70.123 - zhise [11/Apr/2018:02:18:40 +0000] "POST /api/is/free HTTP/1.1" 200 71 "-" "Mozilla/5.0 (Windows NT 10.0; Win64; x64) AppleWebKit/537.36 (KHTML, like Gecko) Chrome/62.0.3202.94 Safari/537.36"
119.130.70.123 - zhise [11/Apr/2018:02:18:55 +0000] "POST /api/is/free HTTP/1.1" 200 65 "-" "Mozilla/5.0 (Windows NT 10.0; Win64; x64) AppleWebKit/537.36 (KHTML, like Gecko) Chrome/62.0.3202.94 Safari/537.36"
119.130.70.123 - zhise [11/Apr/2018:02:19:09 +0000] "POST /api/get/cpm HTTP/1.1" 200 66 "-" "Mozilla/5.0 (Windows NT 10.0; Win64; x64) AppleWebKit/537.36 (KHTML, like Gecko) Chrome/62.0.3202.94 Safari/537.36"
119.130.71.202 - zhise [11/Apr/2018:03:37:20 +0000] "POST /api/get/cpm HTTP/1.1" 200 66 "-" "Mozilla/5.0 (Windows NT 10.0; Win64; x64) AppleWebKit/537.36 (KHTML, like Gecko) Chrome/62.0.3202.94 Safari/537.36"
119.130.71.202 - zhise [11/Apr/2018:03:38:18 +0000] "POST /api/get/cpm HTTP/1.1" 200 74 "-" "Mozilla/5.0 (Windows NT 10.0; Win64; x64) AppleWebKit/537.36 (KHTML, like Gecko) Chrome/62.0.3202.94 Safari/537.36"
119.130.71.202 - zhise [11/Apr/2018:03:42:31 +0000] "POST /api/get/cpm HTTP/1.1" 200 71 "-" "Mozilla/5.0 (Windows NT 10.0; Win64; x64) AppleWebKit/537.36 (KHTML, like Gecko) Chrome/62.0.3202.94 Safari/537.36"
119.130.71.202 - zhise [11/Apr/2018:03:42:43 +0000] "POST /api/get/cpm HTTP/1.1" 200 74 "-" "Mozilla/5.0 (Windows NT 10.0; Win64; x64) AppleWebKit/537.36 (KHTML, like Gecko) Chrome/62.0.3202.94 Safari/537.36"
119.130.71.202 - zhise [11/Apr/2018:03:42:49 +0000] "POST /api/get/cpm HTTP/1.1" 200 93 "-" "Mozilla/5.0 (Windows NT 10.0; Win64; x64) AppleWebKit/537.36 (KHTML, like Gecko) Chrome/62.0.3202.94 Safari/537.36"
119.130.71.202 - zhise [11/Apr/2018:03:44:45 +0000] "POST /api/get/cpm HTTP/1.1" 200 123 "-" "Mozilla/5.0 (Windows NT 10.0; Win64; x64) AppleWebKit/537.36 (KHTML, like Gecko) Chrome/62.0.3202.94 Safari/537.36"
60.191.38.78 - - [11/Apr/2018:03:45:25 +0000] "GET / HTTP/1.1" 404 895 "-" "Mozilla/5.0 (Macintosh; Intel Mac OS X 10.11; rv:47.0) Gecko/20100101 Firefox/47.0"
60.191.38.78 - - [11/Apr/2018:03:45:27 +0000] "GET / HTTP/1.1" 404 895 "-" "Mozilla/5.0 (Macintosh; Intel Mac OS X 10.11; rv:47.0) Gecko/20100101 Firefox/47.0"
60.191.38.78 - - [11/Apr/2018:05:05:50 +0000] "GET / HTTP/1.1" 404 895 "-" "Mozilla/5.0 (Macintosh; Intel Mac OS X 10.11; rv:47.0) Gecko/20100101 Firefox/47.0"
60.191.38.78 - - [11/Apr/2018:07:31:33 +0000] "GET / HTTP/1.1" 404 895 "-" "Mozilla/5.0 (Macintosh; Intel Mac OS X 10.11; rv:47.0) Gecko/20100101 Firefox/47.0"
114.215.45.79 - - [11/Apr/2018:08:54:50 +0000] "GET / HTTP/1.1" 404 896 "-" "-"
60.191.38.77 - - [11/Apr/2018:13:39:09 +0000] "GET / HTTP/1.1" 404 895 "-" "Mozilla/5.0 (Macintosh; Intel Mac OS X 10.11; rv:47.0) Gecko/20100101 Firefox/47.0"
47.203.88.161 - - [11/Apr/2018:16:07:44 +0000] "GET http://httpheader.net/ HTTP/1.1" 404 441 "-" "Mozilla/5.0 (Windows; U; Windows NT 6.1; en-US; rv:1.9.2.28) Gecko/20120306 Firefox/3.6.28 (.NET CLR 3.5.30729)"
47.203.88.161 - - [11/Apr/2018:16:07:45 +0000] "\x04\x01\x00P\xC0c\xF660\x00" 400 166 "-" "-"
47.203.88.161 - - [11/Apr/2018:16:07:45 +0000] "\x04\x01\x00P\xC0c\xF660\x00" 400 166 "-" "-"
47.203.88.161 - - [11/Apr/2018:16:07:46 +0000] "\x05\x01\x00" 400 166 "-" "-"
39.106.205.11 - - [11/Apr/2018:16:13:41 +0000] "GET /manager/html HTTP/1.1" 404 895 "-" "Mozilla/5.0 (compatible; MSIE 10.0; Windows NT 6.2; WOW64; Trident/6.0)"
58.19.59.123 - - [11/Apr/2018:16:14:14 +0000] "\x05\x03\x00\x01\x02" 400 166 "-" "-"
110.167.91.246 - - [11/Apr/2018:16:14:17 +0000] "\x05\x03\x00\x01\x02" 400 166 "-" "-"
175.42.0.205 - - [11/Apr/2018:16:14:19 +0000] "\x05\x03\x00\x01\x02" 400 166 "-" "-"
121.57.14.203 - - [11/Apr/2018:16:14:20 +0000] "\x05\x03\x00\x01\x02" 400 166 "-" "-"
117.14.158.19 - - [11/Apr/2018:16:14:22 +0000] "\x05\x03\x00\x01\x02" 400 166 "-" "-"
110.167.92.190 - - [11/Apr/2018:16:14:22 +0000] "\x05\x03\x00\x01\x02" 400 166 "-" "-"
182.119.225.177 - - [11/Apr/2018:16:14:23 +0000] "\x05\x03\x00\x01\x02" 400 166 "-" "-"
106.114.64.112 - - [11/Apr/2018:16:14:23 +0000] "\x05\x03\x00\x01\x02" 400 166 "-" "-"
119.23.138.247 - - [11/Apr/2018:16:40:19 +0000] "GET / HTTP/1.0" 404 873 "-" "-"
116.62.176.205 - - [11/Apr/2018:16:55:43 +0000] "GET / HTTP/1.1" 404 894 "-" "-"
120.55.13.109 - - [11/Apr/2018:18:15:10 +0000] "GET / HTTP/1.0" 404 873 "-" "-"
123.151.42.61 - - [11/Apr/2018:18:22:55 +0000] "GET http://www.baidu.com/ HTTP/1.1" 404 890 "-" "-"
80.82.78.50 - - [11/Apr/2018:18:43:16 +0000] "GET http://www.baidu.com/cache/global/img/gs.gif HTTP/1.1" 404 890 "-" "Mozilla"
101.200.72.63 - - [11/Apr/2018:22:34:44 +0000] "GET http://101.200.72.63:8080/webservice/proxy/validate HTTP/1.0" 404 878 "-" "-"
47.93.112.232 - - [12/Apr/2018:01:04:46 +0000] "GET / HTTP/1.1" 404 895 "-" "-"
183.61.37.28 - - [12/Apr/2018:02:12:38 +0000] "GET http://www.baidu.com/ HTTP/1.1" 404 890 "-" "curl/7.19.7 (x86_64-redhat-linux-gnu) libcurl/7.19.7 NSS/3.13.1.0zlib/1.2.3 libidn/1.18 libssh2/1.2.2"
183.61.37.28 - - [12/Apr/2018:02:12:43 +0000] "CONNECT www.baidu.com:443 HTTP/1.1" 400 166 "-" "-"
